[www.weeassur.fr/index.html]
[backblue.gif]
[fade.gif]
[index.html]
[www.weeassur.fr/favicon.ico]
[www.weeassur.fr/css/bootstrap.min.css]
[www.weeassur.fr/css/plugin.min.css]
[cdnjs.cloudflare.com/ajax/libs/font-awesome/5.11.2/css/all.min.css]
[www.weeassur.fr/css/style.css]
[www.weeassur.fr/css/responsive.css]
[www.weeassur.fr/images/white-logo.png]
[www.weeassur.fr/assurances-auto-et-2-roues.html]
[www.weeassur.fr/assurances-temporaires.html]
[www.weeassur.fr/assurances-habitation.html]
[www.weeassur.fr/assurances-sante-prevoyance.html]
[www.weeassur.fr/assurances-commerces-et-professionnels.html]
[www.weeassur.fr/cartes-grises.html]
[www.weeassur.fr/contacts.html]
[www.weeassur.fr/images/shape/shape-a.png]
[www.weeassur.fr/images/shape/shape-b.png]
[www.weeassur.fr/images/shape/shape-c.png]
[www.weeassur.fr/images/shape/shape-d.png]
[www.weeassur.fr/images/shape/shape-e.png]
[www.weeassur.fr/images/hero/suivez-nous.png]
[www.weeassur.fr/images/hero/suivez-nous-insta.png]
[www.weeassur.fr/images/service/Slider1 - Assurance Auto 2 roues.png]
[www.weeassur.fr/images/service/Slider2 - Assurance temporaire.png]
[www.weeassur.fr/images/service/Slider3 - Assurance Habitation.png]
[www.weeassur.fr/images/service/Slider4 - Assurance commerces et pro.png]
[www.weeassur.fr/images/service/Slider5 - Assurance Sante et Prevoyance.png]
[www.weeassur.fr/images/service/Slider6 - Cartes grises.png]
[www.weeassur.fr/images/partner/logo Active.jpg]
[www.weeassur.fr/images/partner/logo Aleade.jpg]
[www.weeassur.fr/images/partner/logo Allianz.jpg]
[www.weeassur.fr/images/partner/logo Apivia.jpg]
[www.weeassur.fr/images/partner/logo April.jpg]
[www.weeassur.fr/images/partner/logo Assur Travel.jpg]
[www.weeassur.fr/images/partner/logo Assurances Unies.jpg]
[www.weeassur.fr/images/partner/logo Aviva.jpg]
[www.weeassur.fr/images/partner/logo Axa.jpg]
[www.weeassur.fr/images/partner/logo Balcia.jpg]
[www.weeassur.fr/images/partner/logo Euro Dommages.jpg]
[www.weeassur.fr/images/partner/logo Generali.jpg]
[www.weeassur.fr/images/partner/logo Groupama.jpg]
[www.weeassur.fr/images/partner/logo Hdi.jpg]
[www.weeassur.fr/images/partner/logo La Parisienne.jpg]
[www.weeassur.fr/images/partner/logo Maxance.jpg]
[www.weeassur.fr/images/partner/logo Neoliane.jpg]
[www.weeassur.fr/images/partner/logo Netvox.jpg]
[www.weeassur.fr/images/partner/logo Novelia.jpg]
[www.weeassur.fr/images/partner/logo Qbe.jpg]
[www.weeassur.fr/images/partner/logo Solly Azar.jpg]
[www.weeassur.fr/images/partner/logo Swisslife.jpg]
[www.weeassur.fr/images/partner/logo Wazari.jpg]
[www.weeassur.fr/images/partner/logo Zephir.jpg]
[connect.facebook.net/fr_FR/sdk.js]
[www.weeassur.fr/images/actuWeeAssur.jpg]
[www.weeassur.fr/images/logo0001.png]
[www.weeassur.fr/js/vendor/modernizr-3.5.0.min.js]
[www.weeassur.fr/js/jquery.min.js]
[www.weeassur.fr/js/bootstrap.bundle.min.js]
[www.weeassur.fr/js/plugin.min.js]
[www.weeassur.fr/js/preloader.js]
[www.weeassur.fr/js/main.js]
[www.weeassur.fr/index.html]
[www.weeassur.fr/css/bootstrap.min.css]
[www.weeassur.fr/css/plugin.min.css]
[cdnjs.cloudflare.com/ajax/libs/font-awesome/5.11.2/css/all.min.css]
[www.weeassur.fr/images/hero/banner-shap-2.png]
[www.weeassur.fr/images/shape/dot_bg.png]
[www.weeassur.fr/images/shape/dot-shape.png]
[www.weeassur.fr/images/service/service-img-1.png]
[www.weeassur.fr/images/service/service-img-2.png]
[www.weeassur.fr/images/service/service-img-3.png]
[www.weeassur.fr/images/service/service-img-4.png]
[www.weeassur.fr/images/shape/dot-pattern.png]
[www.weeassur.fr/images/shape/shape-1.png]
[www.weeassur.fr/images/shape/shape-2.png]
[www.weeassur.fr/images/banner/banner-shap-2.png]
[www.weeassur.fr/images/banner/2.jpg]
[www.weeassur.fr/images/banner/5.jpg]
[www.weeassur.fr/images/banner/6.jpg]
[www.weeassur.fr/images/banner/7.jpg]
[www.weeassur.fr/images/banner/4.jpg]
[www.weeassur.fr/images/hero/bg-gradient.jpg]
[www.weeassur.fr/images/shape/bg-light2.png]
[www.weeassur.fr/images/shape/wave-bg.png]
[www.weeassur.fr/images/shape/bg-rectangles-.png]
[www.weeassur.fr/images/shape/bg-glass.jpg]
[www.weeassur.fr/images/shape/tt-work-bg.jpg]
[www.weeassur.fr/images/shape/shape-f.png]
[www.weeassur.fr/images/shape/bg-gradient.jpg]
[www.weeassur.fr/css/style.css]
[www.weeassur.fr/images/hero/freelancer.png]
[www.weeassur.fr/css/responsive.css]
[www.weeassur.fr/css/darkmode.css]
[www.weeassur.fr/images/about/auto2roues.jpg]
[www.weeassur.fr/assurances-auto-et-2-roues.html]
[www.weeassur.fr/images/logo.png]
[www.weeassur.fr/images/about/assurances-temporaires.jpg]
[www.weeassur.fr/assurances-temporaires.html]
[www.weeassur.fr/images/about/habitation.jpg]
[www.weeassur.fr/assurances-habitation.html]
[www.weeassur.fr/images/about/mutuelle.jpg]
[www.weeassur.fr/assurances-sante-prevoyance.html]
[www.weeassur.fr/images/about/professionnels.jpg]
[www.weeassur.fr/assurances-commerces-et-professionnels.html]
[www.weeassur.fr/images/about/cartes_grises.jpg]
[www.weeassur.fr/cartes-grises.html]
[www.weeassur.fr/inc/sweetalert.css]
[www.weeassur.fr/inc/ajax.js]
[www.weeassur.fr/inc/sweetalert.min.js]
[www.weeassur.fr/contacts.html]
[www.weeassur.fr/images/flags/fr.svg]
[www.weeassur.fr/images/icons/development.svg]
[www.weeassur.fr/images/icons/ecommerce.svg]
[www.weeassur.fr/images/icons/app.svg]
[www.weeassur.fr/images/icons/tech.svg]
[www.weeassur.fr/images/icons/seo.svg]
[www.weeassur.fr/images/icons/graphic.svg]
[www.weeassur.fr/images/icons/smo.svg]
[connect.facebook.net/fr_FR/sdk.js]
[www.weeassur.fr/css/owl.video.play.html]
[www.weeassur.fr/images/shape/shape-12.svg]
[www.weeassur.fr/images/shape/shape-1.svg]
[www.weeassur.fr/images/partner/logo Allianz.jpg]
[www.weeassur.fr/images/shape/shape-2.svg]
[www.weeassur.fr/images/shape/shape-7.svg]
[www.weeassur.fr/images/partner/logo Alliass.jpg]
[www.weeassur.fr/images/shape/shape-9.svg]
[www.weeassur.fr/images/icons/up-arrow.svg]
[www.weeassur.fr/images/icons/404.svg]
[www.weeassur.fr/images/shape/hero-shape.svg]
[www.weeassur.fr/images/hero/wave-hero.svg]
[www.weeassur.fr/images/icons/sun.svg]
[www.weeassur.fr/images/icons/moon.svg]
[www.weeassur.fr/images/shape/stars.svg]
[www.weeassur.fr/css/darkmode.css]
[www.weeassur.fr/inc/sweetalert.css]
[www.weeassur.fr/Users/Bhavi/Downloads/brandbrainy___CAqYzusgPPx___.html]
[www.weeassur.fr/images/hero/wave-hero-dark.svg]
